[INFO] Scanning for projects...
[INFO] 
[INFO] ----------------------< org.example:QLTTNgoaiNgu >----------------------
[INFO] Building QLTTNgoaiNgu 0.0.1-SNAPSHOT
[INFO]   from pom.xml
[INFO] --------------------------------[ jar ]---------------------------------
[INFO] 
[INFO] --- resources:3.3.1:resources (default-resources) @ QLTTNgoaiNgu ---
[INFO] Copying 1 resource from src\main\resources to target\classes
[INFO] Copying 29 resources from src\main\resources to target\classes
[INFO] 
[INFO] --- compiler:3.14.0:compile (default-compile) @ QLTTNgoaiNgu ---
[INFO] Nothing to compile - all classes are up to date.
[INFO] ------------------------------------------------------------------------
[INFO] BUILD SUCCESS
[INFO] ------------------------------------------------------------------------
[INFO] Total time:  1.463 s
[INFO] Finished at: 2025-12-08T22:28:33+07:00
[INFO] ------------------------------------------------------------------------
